[22:45:34.743] [INFO] storybook v10.3.3
[22:45:34.958] [DEBUG] Getting package.json info for /Users/salgadosomoza/Documents/Proyectos/Monoschemes/monoschemes-ui/package.json...
[22:45:34.960] [WARN] You are currently using Storybook [1m10.3.3[22m but you have packages which are incompatible with it:

- @storybook/blocks@8.6.14 which depends on ^8.6.14
 Repo: https://github.com/storybookjs/storybook/tree/next/code/lib/blocks
- @storybook/test@8.6.18 which depends on 8.6.18
 Repo: https://github.com/storybookjs/storybook/tree/next/code/lib/test

Please consider updating your packages or contacting the maintainers for compatibility details.

For more details on compatibility guidance, see:
https://github.com/storybookjs/storybook/issues/32836
[22:45:35.429] [ERROR] [38;2;241;97;97mError: Cannot find module @rollup/rollup-darwin-arm64. npm has a bug related to optional dependencies (https://github.com/npm/cli/issues/4828). Please try `npm i` again after removing both package-lock.json and node_modules directory.[39m
    at requireWithFriendlyError (./node_modules/rollup/dist/native.js:115:9)
    at Object.<anonymous> (./node_modules/rollup/dist/native.js:124:76)
    at Module._compile (node:internal/modules/cjs/loader:1934:14)
    at Object..js (node:internal/modules/cjs/loader:2074:10)
    at Module.load (node:internal/modules/cjs/loader:1656:32)
    at Module._load (node:internal/modules/cjs/loader:1448:12)
    at wrapModuleLoad (node:internal/modules/cjs/loader:261:19)
    at loadCJSModuleWithModuleLoad (node:internal/modules/esm/translators:373:15)
    at ModuleWrap.<anonymous> (node:internal/modules/esm/translators:245:9)
    at ModuleJob.run (node:internal/modules/esm/module_job:569:25)
[22:45:35.430] [WARN] Broken build, fix the error above.
You may need to refresh the browser.